* ******************************************************************************

* iCEcube Report

* Version:            2017.08.27940

* Build Date:         Sep 12 2017 08:02:28

* File Generated:     Feb 17 2020 12:40:56

* Purpose:            General info of design implementation

* Copyright (C) 2006-2010 by Lattice Semiconductor Corp. All rights reserved.

* ******************************************************************************

Synthesis/Placement Summary:
----------------------------
    Status:  Successful
    Runtime: 0 seconds

Device Info:
------------
    Device Family: iCE40
    Device:        iCE40LP8K
    Package:       CM81

Design statistics:
------------------
    FFs:                  58
    LUTs:                 82
    RAMs:                 0
    IOBs:                 17
    GBs:                  1
    PLLs:                 0
    Warm Boots:           0

Logic Resource Utilization:
---------------------------
    Total Logic Cells: 82/7680
        Combinational Logic Cells: 24       out of   7680      0.3125%
        Sequential Logic Cells:    58       out of   7680      0.755208%
        Logic Tiles:               19       out of   960       1.97917%
    Registers: 
        Logic Registers:           58       out of   7680      0.755208%
        IO Registers:              0        out of   1280      0
    Block RAMs:                    0        out of   32        0%
    Warm Boots:                    0        out of   1         0%
    Pins:
        Input Pins:                1        out of   63        1.5873%
        Output Pins:               16       out of   63        25.3968%
        InOut Pins:                0        out of   63        0%
    Global Buffers:                1        out of   8         12.5%
    PLLs:                          0        out of   1         0%

IO Bank Utilization:
--------------------
    Bank 3: 5        out of   18        27.7778%
    Bank 1: 2        out of   15        13.3333%
    Bank 0: 8        out of   17        47.0588%
    Bank 2: 2        out of   13        15.3846%

Detailed I/O Info:
------------------
    Input Pins: 
    Pin Number  Direction  IO Standard  Pull Up  IO Bank  IO Function    Signal Name
    ----------  ---------  -----------  -------  -------  -----------    -----------
    B2          Input      SB_LVCMOS    No       3        Simple Input   CLK     

    Output Pins: 
    Pin Number  Direction  IO Standard  Pull Up  IO Bank  IO Function    Signal Name
    ----------  ---------  -----------  -------  -------  -----------    -----------
    A3          Output     SB_LVCMOS    No       0        Simple Output  USBPU   
    A6          Output     SB_LVCMOS    No       0        Simple Output  INHA    
    A7          Output     SB_LVCMOS    No       0        Simple Output  INHB    
    A8          Output     SB_LVCMOS    No       0        Simple Output  INHC    
    B1          Output     SB_LVCMOS    Yes      3        No Output      HALL3   
    B3          Output     SB_LVCMOS    No       0        Simple Output  LED     
    B6          Output     SB_LVCMOS    No       0        Simple Output  INLA    
    B7          Output     SB_LVCMOS    No       0        Simple Output  INLB    
    B8          Output     SB_LVCMOS    No       0        Simple Output  INLC    
    C1          Output     SB_LVCMOS    Yes      3        No Output      HALL2   
    C2          Output     SB_LVCMOS    Yes      3        No Output      HALL1   
    D8          Output     SB_LVCMOS    No       1        Simple Output  CS      
    E2          Output     SB_LVCMOS    No       3        Simple Output  NEOPXL  
    G9          Output     SB_LVCMOS    No       1        Simple Output  CS_CLK  
    H1          Output     SB_LVCMOS    No       2        Simple Output  DE      
    J1          Output     SB_LVCMOS    No       2        Simple Output  TX      

Detailed Global Buffer Info:
----------------------------
    Buffer Number  IO Bank  Driven By  Fanout  Signal Name
    -------------  -------  ---------  ------  -----------
    3              3                   32      CLK_c  


Router Summary:
---------------
    Status:  Successful
    Runtime: 9 seconds

Routing Resource Utilization:
-----------------------------
              Local line of tile      528 out of 146184      0.361189%
                          Span 4       31 out of  29696      0.104391%
                         Span 12       10 out of   5632      0.177557%
                  Global network        1 out of      8      12.5%
      Vertical Inter-LUT Connect        5 out of   6720      0.0744048%

